/*---------------------------------------------------------------------------*\
| =========                 |                                                 |
| \\      /  F ield         | OpenFOAM: The Open Source CFD Toolbox           |
|  \\    /   O peration     | Version:                                        |
|   \\  /    A nd           | Website:  www.openfoam.com                      |
|    \\/     M anipulation  |                                                 |
\*---------------------------------------------------------------------------*/
Build : (removed)
Arch : (removed)
Exec : (removed)
Date : (removed)
Time : (removed)
Host : (removed)
PID : (removed)
I/O    : uncollated
Case   : /home/user/run/eps_zero
nProcs : (removed)
trapFpe: Floating point exception trapping enabled (FOAM_SIGFPE).
fileModificationChecking : (removed)
allowSystemOperations : (removed)

// * * * * * * * * * * * * * * * * * * * * * * * * * * * * * * * * * * * * * //
Create time

Create mesh for time = 0


SIMPLE: convergence criteria
    field p	 tolerance 0.01
    field U	 tolerance 0.001
    field "(k|epsilon|omega|f|v2)"	 tolerance 0.001

Reading field p

Reading field U

Reading/calculating face flux field phi

Selecting incompressible transport model Newtonian
Selecting turbulence model type RAS
Selecting RAS turbulence model kEpsilon
bounding epsilon, min: 0 max: 14.855 average: 0
RAS
{
    RASModel        kEpsilon;
    turbulence      on;
    printCoeffs     on;
    Cmu             0.09;
    C1              1.44;
    C2              1.92;
    C3              0;
    sigmak          1;
    sigmaEps        1.3;
}

No MRF models present

No finite volume options present
#0  Foam::error::printStack(Foam::Ostream&) at ??:?
#1  Foam::sigFpe::sigHandler(int) at ??:?
#2  ? in /lib/x86_64-linux-gnu/libc.so.6
#3  Foam::divide(Foam::Field<double>&, Foam::UList<double> const&, Foam::UList<double> const&) at ??:?
#4  ? at ??:?
#5  ? at ??:?
#6  ? at ??:?
#7  ? in /usr/bin/simpleFoam
#8  ? in /lib/x86_64-linux-gnu/libc.so.6
#9  __libc_start_main in /lib/x86_64-linux-gnu/libc.so.6
#10  ? in /usr/bin/simpleFoam
Floating point exception (core dumped)
